GitMap Synchronization Log
Date: October 04, 2026
Time: 05:38:07 PM
Roadmap: Project X
Repository: ajr32/Project

CREATED
  Milestone: 1.1 Milestone
  Label: GitMap: Project X
  Label: Section A
  Label: Section B
  Issue: 1.1.2.0.1 And We're Back — GitHub #1
  Section: 1.1.1 Section: 1.1.1 Section A — GitHub #2
  Section: 1.1.2 Section: 1.1.2 Section B — GitHub #3

UPDATED
  None

CLOSED
  None

SKIPPED
  None

FAILED
  None

SUMMARY
  Created: 7
  Updated: 0
  Closed: 0
  Skipped: 0
  Failed: 0